// Jest Snapshot v1, https://goo.gl/fbAQLP

exports[`Testing on GifGridItem should render gif grid item 1`] = `
<div
  className="card animate__animated animate__fadeIn"
>
  <img />
  <p />
</div>
`;
