// Jest Snapshot v1, https://goo.gl/fbAQLP

exports[`Testing on <CounterApp /> should create the snapshot of <Counter App /> 1`] = `
<Fragment>
  <h1>
    CounterApp
  </h1>
  <h2>
     
    10
     
  </h2>
  <button
    onClick={[Function]}
  >
    +
  </button>
  <button
    onClick={[Function]}
  >
    Reset
  </button>
  <button
    onClick={[Function]}
  >
    -
  </button>
</Fragment>
`;
